Building DAG of jobs...
Using shell: /bin/bash
Provided cores: 1 (use --cores to define parallelism)
Rules claiming more threads will be scaled down.
Job stats:
job               count
--------------  -------
all                   1
call                  2
merge_coverage        1
merge_freq            1
total                 5

Select jobs to execute...

[Thu Nov  7 14:57:35 2024]
rule call:
    input: data/reference_index/REJOc-reference.fa, data/sorted_reads/CD00-m000-00-REJOc.bam, data/bed_file/REJOc.bed, data/sorted_reads/CD00-m000-00-REJOc.bam.bai
    output: data/calls/CD00-m000-00-REJOc.csv, data/coverage/CD00-m000-00-REJOc.csv
    jobid: 7
    reason: Missing output files: data/calls/CD00-m000-00-REJOc.csv, data/coverage/CD00-m000-00-REJOc.csv
    wildcards: sample=CD00-m000-00-REJOc
    resources: tmpdir=/var/folders/k0/3b7hrv0d2n7fs2g57vkng1fm0000gp/T

[Thu Nov  7 14:57:36 2024]
Finished job 7.
1 of 5 steps (20%) done
Select jobs to execute...

[Thu Nov  7 14:57:36 2024]
rule call:
    input: data/reference_index/JRCSF-reference.fa, data/sorted_reads/CD00-m000-00-JRCSF.bam, data/bed_file/JRCSF.bed, data/sorted_reads/CD00-m000-00-JRCSF.bam.bai
    output: data/calls/CD00-m000-00-JRCSF.csv, data/coverage/CD00-m000-00-JRCSF.csv
    jobid: 2
    reason: Missing output files: data/coverage/CD00-m000-00-JRCSF.csv, data/calls/CD00-m000-00-JRCSF.csv
    wildcards: sample=CD00-m000-00-JRCSF
    resources: tmpdir=/var/folders/k0/3b7hrv0d2n7fs2g57vkng1fm0000gp/T

[Thu Nov  7 14:57:38 2024]
Finished job 2.
2 of 5 steps (40%) done
Select jobs to execute...

[Thu Nov  7 14:57:38 2024]
rule merge_coverage:
    input: data/coverage/CD00-m000-00-JRCSF.csv, data/coverage/CD00-m000-00-REJOc.csv
    output: data/coverage_merged.csv
    jobid: 12
    reason: Missing output files: data/coverage_merged.csv; Input files updated by another job: data/coverage/CD00-m000-00-JRCSF.csv, data/coverage/CD00-m000-00-REJOc.csv
    resources: tmpdir=/var/folders/k0/3b7hrv0d2n7fs2g57vkng1fm0000gp/T

[Thu Nov  7 14:57:38 2024]
Finished job 12.
3 of 5 steps (60%) done
Select jobs to execute...

[Thu Nov  7 14:57:38 2024]
rule merge_freq:
    input: data/calls/CD00-m000-00-JRCSF.csv, data/calls/CD00-m000-00-REJOc.csv
    output: data/var_freq_merged.csv
    jobid: 1
    reason: Missing output files: data/var_freq_merged.csv; Input files updated by another job: data/calls/CD00-m000-00-REJOc.csv, data/calls/CD00-m000-00-JRCSF.csv
    resources: tmpdir=/var/folders/k0/3b7hrv0d2n7fs2g57vkng1fm0000gp/T

[Thu Nov  7 14:57:39 2024]
Finished job 1.
4 of 5 steps (80%) done
Select jobs to execute...

[Thu Nov  7 14:57:39 2024]
localrule all:
    input: data/var_freq_merged.csv, data/coverage_merged.csv
    jobid: 0
    reason: Input files updated by another job: data/coverage_merged.csv, data/var_freq_merged.csv
    resources: tmpdir=/var/folders/k0/3b7hrv0d2n7fs2g57vkng1fm0000gp/T

[Thu Nov  7 14:57:39 2024]
Finished job 0.
5 of 5 steps (100%) done
Complete log: .snakemake/log/2024-11-07T145734.422104.snakemake.log
