Assuming unrestricted shared filesystem usage.
None
host: adams-mbp-3.partners.org
Building DAG of jobs...
Using shell: /bin/bash
Provided cores: 2
Rules claiming more threads will be scaled down.
Job stats:
job                 count
----------------  -------
all                     1
analysis                1
bowtie2_map             1
call                    1
filter_sequences        1
merge_coverage          1
merge_freq              1
samtools_index          1
samtools_sort           1
total                   9

Select jobs to execute...
Execute 1 jobs...
[Tue Jun 10 15:06:40 2025]
localrule filter_sequences:
    input: data/1-fastq_files/CD00-m000-00-JRCSF_R1.fastq.gz, data/1-fastq_files/CD00-m000-00-JRCSF_R2.fastq.gz
    output: data/2-fastq_filtered/CD00-m000-00-JRCSF_R1.fastq.gz, data/2-fastq_filtered/CD00-m000-00-JRCSF_R2.fastq.gz
    log: logs/fastq/CD00-m000-00-JRCSF.html
    jobid: 4
    reason: Forced execution
    wildcards: sample=CD00-m000-00-JRCSF
    resources: tmpdir=/var/folders/k0/3b7hrv0d2n7fs2g57vkng1fm0000gp/T

[Tue Jun 10 15:06:40 2025]
Finished jobid: 4 (Rule: filter_sequences)
1 of 9 steps (11%) done
Select jobs to execute...
Execute 1 jobs...
[Tue Jun 10 15:06:40 2025]
localrule bowtie2_map:
    input: data/0-reference_index/JRCSF-reference.fa, data/2-fastq_filtered/CD00-m000-00-JRCSF_R1.fastq.gz, data/2-fastq_filtered/CD00-m000-00-JRCSF_R2.fastq.gz
    output: data/3-mapped_reads/CD00-m000-00-JRCSF.bam
    log: logs/bowtie2/CD00-m000-00-JRCSF.log
    jobid: 3
    reason: Forced execution
    wildcards: sample=CD00-m000-00-JRCSF
    threads: 2
    resources: tmpdir=/var/folders/k0/3b7hrv0d2n7fs2g57vkng1fm0000gp/T

[Tue Jun 10 15:06:41 2025]
Finished jobid: 3 (Rule: bowtie2_map)
2 of 9 steps (22%) done
Select jobs to execute...
Execute 1 jobs...
[Tue Jun 10 15:06:41 2025]
localrule samtools_sort:
    input: data/3-mapped_reads/CD00-m000-00-JRCSF.bam
    output: data/4-sorted_reads/CD00-m000-00-JRCSF.bam
    jobid: 2
    reason: Forced execution
    wildcards: sample=CD00-m000-00-JRCSF
    resources: tmpdir=/var/folders/k0/3b7hrv0d2n7fs2g57vkng1fm0000gp/T

[Tue Jun 10 15:06:41 2025]
Finished jobid: 2 (Rule: samtools_sort)
3 of 9 steps (33%) done
Select jobs to execute...
Execute 2 jobs...
[Tue Jun 10 15:06:41 2025]
localrule samtools_index:
    input: data/4-sorted_reads/CD00-m000-00-JRCSF.bam
    output: data/4-sorted_reads/CD00-m000-00-JRCSF.bam.bai
    jobid: 1
    reason: Forced execution
    wildcards: sample=CD00-m000-00-JRCSF
    resources: tmpdir=/var/folders/k0/3b7hrv0d2n7fs2g57vkng1fm0000gp/T

[Tue Jun 10 15:06:41 2025]
localrule call:
    input: data/0-reference_index/JRCSF-reference.fa, data/4-sorted_reads/CD00-m000-00-JRCSF.bam, data/0-bed_file/JRCSF.bed
    output: data/5-calls/CD00-m000-00-JRCSF.vcf, data/6-coverage/CD00-m000-00-JRCSF.csv
    jobid: 6
    reason: Forced execution
    wildcards: sample=CD00-m000-00-JRCSF
    resources: tmpdir=/var/folders/k0/3b7hrv0d2n7fs2g57vkng1fm0000gp/T

[Tue Jun 10 15:06:41 2025]
Finished jobid: 1 (Rule: samtools_index)
4 of 9 steps (44%) done
[Tue Jun 10 15:06:43 2025]
Finished jobid: 6 (Rule: call)
5 of 9 steps (56%) done
Select jobs to execute...
Execute 2 jobs...
[Tue Jun 10 15:06:43 2025]
localrule merge_coverage:
    input: data/6-coverage/CD00-m000-00-JRCSF.csv
    output: data/7-merged_output/JRCSF_DEMO_coverage_merged.csv
    jobid: 5
    reason: Forced execution
    resources: tmpdir=/var/folders/k0/3b7hrv0d2n7fs2g57vkng1fm0000gp/T

[Tue Jun 10 15:06:43 2025]
localrule merge_freq:
    input: data/5-calls/CD00-m000-00-JRCSF.vcf
    output: data/7-merged_output/JRCSF_DEMO_var_freq_merged.csv
    jobid: 8
    reason: Forced execution
    resources: tmpdir=/var/folders/k0/3b7hrv0d2n7fs2g57vkng1fm0000gp/T

[Tue Jun 10 15:06:43 2025]
Finished jobid: 5 (Rule: merge_coverage)
6 of 9 steps (67%) done
[Tue Jun 10 15:06:43 2025]
Finished jobid: 8 (Rule: merge_freq)
7 of 9 steps (78%) done
Select jobs to execute...
Execute 1 jobs...
[Tue Jun 10 15:06:43 2025]
localrule analysis:
    input: data/7-merged_output/JRCSF_DEMO_var_freq_merged.csv, data/7-merged_output/JRCSF_DEMO_coverage_merged.csv, data/metadata/JRCSF_DEMO_VL_figure_samples.csv, data/static/experiment_data.csv, data/static/HXB2 Alignment.xlsx
    output: data/8-escape_data/1-mutation_freq_summary/JRCSF_DEMO_avg_freq.csv, data/8-escape_data/2-haplotype_summary_all/JRCSF_DEMO_freq_by_sample.csv, data/8-escape_data/3-haplotype_summary_nonsyn/JRCSF_DEMO_freq_by_sample.csv
    jobid: 7
    reason: Forced execution
    resources: tmpdir=/var/folders/k0/3b7hrv0d2n7fs2g57vkng1fm0000gp/T

[Tue Jun 10 15:06:44 2025]
Finished jobid: 7 (Rule: analysis)
8 of 9 steps (89%) done
Select jobs to execute...
Execute 1 jobs...
[Tue Jun 10 15:06:44 2025]
localrule all:
    input: data/4-sorted_reads/CD00-m000-00-JRCSF.bam.bai, data/7-merged_output/JRCSF_DEMO_coverage_merged.csv, data/8-escape_data/1-mutation_freq_summary/JRCSF_DEMO_avg_freq.csv, data/8-escape_data/2-haplotype_summary_all/JRCSF_DEMO_freq_by_sample.csv, data/8-escape_data/3-haplotype_summary_nonsyn/JRCSF_DEMO_freq_by_sample.csv
    jobid: 0
    reason: Forced execution
    resources: tmpdir=/var/folders/k0/3b7hrv0d2n7fs2g57vkng1fm0000gp/T

[Tue Jun 10 15:06:44 2025]
Finished jobid: 0 (Rule: all)
9 of 9 steps (100%) done
Complete log(s): /Users/anitido/Documents/GitHub/Escapability/Viral Escape Pipeline/.snakemake/log/2025-06-10T150640.398154.snakemake.log
