Assuming unrestricted shared filesystem usage.
None
host: adams-mbp-3.partners.org
Building DAG of jobs...
Using shell: /bin/bash
Provided cores: 1 (use --cores to define parallelism)
Rules claiming more threads will be scaled down.
Job stats:
job               count
--------------  -------
all                   1
analysis              1
call                  1
merge_coverage        1
merge_freq            1
total                 5

Select jobs to execute...
Execute 1 jobs...
[Tue Jun 10 15:01:06 2025]
localrule call:
    input: data/0-reference_index/JRCSF-reference.fa, data/4-sorted_reads/CD00-m000-00-JRCSF.bam, data/0-bed_file/JRCSF.bed
    output: data/5-calls/CD00-m000-00-JRCSF.vcf, data/6-coverage/CD00-m000-00-JRCSF.csv
    jobid: 6
    reason: Missing output files: data/5-calls/CD00-m000-00-JRCSF.vcf; Code has changed since last execution
    wildcards: sample=CD00-m000-00-JRCSF
    resources: tmpdir=/var/folders/k0/3b7hrv0d2n7fs2g57vkng1fm0000gp/T

[Tue Jun 10 15:01:08 2025]
Finished jobid: 6 (Rule: call)
1 of 5 steps (20%) done
Select jobs to execute...
Execute 1 jobs...
[Tue Jun 10 15:01:08 2025]
localrule merge_coverage:
    input: data/6-coverage/CD00-m000-00-JRCSF.csv
    output: data/7-merged_output/JRCSF_DEMO_coverage_merged.csv
    jobid: 5
    reason: Missing output files: data/7-merged_output/JRCSF_DEMO_coverage_merged.csv; Input files updated by another job: data/6-coverage/CD00-m000-00-JRCSF.csv
    resources: tmpdir=/var/folders/k0/3b7hrv0d2n7fs2g57vkng1fm0000gp/T

[Tue Jun 10 15:01:08 2025]
Finished jobid: 5 (Rule: merge_coverage)
2 of 5 steps (40%) done
Select jobs to execute...
Execute 1 jobs...
[Tue Jun 10 15:01:08 2025]
localrule merge_freq:
    input: data/5-calls/CD00-m000-00-JRCSF.vcf
    output: data/7-merged_output/JRCSF_DEMO_var_freq_merged.csv
    jobid: 8
    reason: Missing output files: data/7-merged_output/JRCSF_DEMO_var_freq_merged.csv; Input files updated by another job: data/5-calls/CD00-m000-00-JRCSF.vcf
    resources: tmpdir=/var/folders/k0/3b7hrv0d2n7fs2g57vkng1fm0000gp/T

[Tue Jun 10 15:01:09 2025]
Finished jobid: 8 (Rule: merge_freq)
3 of 5 steps (60%) done
Select jobs to execute...
Execute 1 jobs...
[Tue Jun 10 15:01:09 2025]
localrule analysis:
    input: data/7-merged_output/JRCSF_DEMO_var_freq_merged.csv, data/7-merged_output/JRCSF_DEMO_coverage_merged.csv, data/metadata/JRCSF_DEMO_VL_figure_samples.csv, data/static/experiment_data.csv, data/static/HXB2 Alignment.xlsx
    output: data/8-escape_data/2-mutation_freq_summary/JRCSF_DEMO_avg_freq.csv, data/8-escape_data/3-haplotype_summary_all/JRCSF_DEMO_freq_by_sample.csv, data/8-escape_data/4-haplotype_summary_nonsyn/JRCSF_DEMO_freq_by_sample.csv
    jobid: 7
    reason: Missing output files: data/8-escape_data/3-haplotype_summary_all/JRCSF_DEMO_freq_by_sample.csv, data/8-escape_data/4-haplotype_summary_nonsyn/JRCSF_DEMO_freq_by_sample.csv, data/8-escape_data/2-mutation_freq_summary/JRCSF_DEMO_avg_freq.csv; Input files updated by another job: data/7-merged_output/JRCSF_DEMO_coverage_merged.csv, data/7-merged_output/JRCSF_DEMO_var_freq_merged.csv
    resources: tmpdir=/var/folders/k0/3b7hrv0d2n7fs2g57vkng1fm0000gp/T

[Tue Jun 10 15:01:09 2025]
Finished jobid: 7 (Rule: analysis)
4 of 5 steps (80%) done
Select jobs to execute...
Execute 1 jobs...
[Tue Jun 10 15:01:09 2025]
localrule all:
    input: data/4-sorted_reads/CD00-m000-00-JRCSF.bam.bai, data/7-merged_output/JRCSF_DEMO_coverage_merged.csv, data/8-escape_data/2-mutation_freq_summary/JRCSF_DEMO_avg_freq.csv, data/8-escape_data/3-haplotype_summary_all/JRCSF_DEMO_freq_by_sample.csv, data/8-escape_data/4-haplotype_summary_nonsyn/JRCSF_DEMO_freq_by_sample.csv
    jobid: 0
    reason: Input files updated by another job: data/7-merged_output/JRCSF_DEMO_coverage_merged.csv, data/8-escape_data/3-haplotype_summary_all/JRCSF_DEMO_freq_by_sample.csv, data/8-escape_data/4-haplotype_summary_nonsyn/JRCSF_DEMO_freq_by_sample.csv, data/8-escape_data/2-mutation_freq_summary/JRCSF_DEMO_avg_freq.csv
    resources: tmpdir=/var/folders/k0/3b7hrv0d2n7fs2g57vkng1fm0000gp/T

[Tue Jun 10 15:01:09 2025]
Finished jobid: 0 (Rule: all)
5 of 5 steps (100%) done
Complete log(s): /Users/anitido/Documents/GitHub/Escapability/Viral Escape Pipeline/.snakemake/log/2025-06-10T150106.977468.snakemake.log
