Assuming unrestricted shared filesystem usage.
None
host: adams-mbp-3.partners.org
Building DAG of jobs...
Using shell: /bin/bash
Provided cores: 1 (use --cores to define parallelism)
Rules claiming more threads will be scaled down.
Job stats:
job               count
--------------  -------
all                   1
call                  1
merge_coverage        1
total                 3

Select jobs to execute...
Execute 1 jobs...
[Tue Jun 10 14:57:08 2025]
localrule call:
    input: data/0-reference_index/REJOc-reference.fa, data/4-sorted_reads/CD00-m000-00-REJOc.bam, data/0-bed_file/REJOc.bed
    output: data/5-calls/CD00-m000-00-REJOc.vcf, data/6-coverage/CD00-m000-00-REJOc.csv
    jobid: 6
    reason: Missing output files: data/6-coverage/CD00-m000-00-REJOc.csv
    wildcards: sample=CD00-m000-00-REJOc
    resources: tmpdir=/var/folders/k0/3b7hrv0d2n7fs2g57vkng1fm0000gp/T

[Tue Jun 10 14:57:09 2025]
Finished jobid: 6 (Rule: call)
1 of 3 steps (33%) done
Select jobs to execute...
Execute 1 jobs...
[Tue Jun 10 14:57:09 2025]
localrule merge_coverage:
    input: data/6-coverage/CD00-m000-00-REJOc.csv
    output: data/7-merged_output/REJOc_DEMO_coverage_merged.csv
    jobid: 5
    reason: Missing output files: data/7-merged_output/REJOc_DEMO_coverage_merged.csv; Input files updated by another job: data/6-coverage/CD00-m000-00-REJOc.csv
    resources: tmpdir=/var/folders/k0/3b7hrv0d2n7fs2g57vkng1fm0000gp/T

[Tue Jun 10 14:57:09 2025]
Finished jobid: 5 (Rule: merge_coverage)
2 of 3 steps (67%) done
Select jobs to execute...
Execute 1 jobs...
[Tue Jun 10 14:57:09 2025]
localrule all:
    input: data/4-sorted_reads/CD00-m000-00-REJOc.bam.bai, data/7-merged_output/REJOc_DEMO_coverage_merged.csv
    jobid: 0
    reason: Input files updated by another job: data/7-merged_output/REJOc_DEMO_coverage_merged.csv
    resources: tmpdir=/var/folders/k0/3b7hrv0d2n7fs2g57vkng1fm0000gp/T

[Tue Jun 10 14:57:09 2025]
Finished jobid: 0 (Rule: all)
3 of 3 steps (100%) done
Complete log(s): /Users/anitido/Documents/GitHub/Escapability/Viral Escape Pipeline/.snakemake/log/2025-06-10T145708.121077.snakemake.log
