Assuming unrestricted shared filesystem usage.
None
host: adams-mbp-3.partners.org
Building DAG of jobs...
Using shell: /bin/bash
Provided cores: 1 (use --cores to define parallelism)
Rules claiming more threads will be scaled down.
Job stats:
job           count
----------  -------
all               1
analysis          1
merge_freq        1
total             3

Select jobs to execute...
Execute 1 jobs...
[Tue Jun 10 14:57:51 2025]
localrule merge_freq:
    input: data/5-calls/CD00-m000-00-REJOc.vcf
    output: data/7-merged_output/REJOc_DEMO_var_freq_merged.csv
    jobid: 8
    reason: Missing output files: data/7-merged_output/REJOc_DEMO_var_freq_merged.csv
    resources: tmpdir=/var/folders/k0/3b7hrv0d2n7fs2g57vkng1fm0000gp/T

[Tue Jun 10 14:57:51 2025]
Finished jobid: 8 (Rule: merge_freq)
1 of 3 steps (33%) done
Select jobs to execute...
Execute 1 jobs...
[Tue Jun 10 14:57:51 2025]
localrule analysis:
    input: data/7-merged_output/REJOc_DEMO_var_freq_merged.csv, data/7-merged_output/REJOc_DEMO_coverage_merged.csv, data/metadata/REJOc_DEMO_VL_figure_samples.csv, data/static/experiment_data.csv, data/static/HXB2 Alignment.xlsx
    output: data/8-escape_data/2-mutation_freq_summary/REJOc_DEMO_avg_freq.csv, data/8-escape_data/3-haplotype_summary_all/REJOc_DEMO_freq_by_sample.csv, data/8-escape_data/4-haplotype_summary_nonsyn/REJOc_DEMO_freq_by_sample.csv
    jobid: 7
    reason: Missing output files: data/8-escape_data/2-mutation_freq_summary/REJOc_DEMO_avg_freq.csv; Input files updated by another job: data/7-merged_output/REJOc_DEMO_var_freq_merged.csv
    resources: tmpdir=/var/folders/k0/3b7hrv0d2n7fs2g57vkng1fm0000gp/T

[Tue Jun 10 14:57:52 2025]
Finished jobid: 7 (Rule: analysis)
2 of 3 steps (67%) done
Select jobs to execute...
Execute 1 jobs...
[Tue Jun 10 14:57:52 2025]
localrule all:
    input: data/4-sorted_reads/CD00-m000-00-REJOc.bam.bai, data/7-merged_output/REJOc_DEMO_coverage_merged.csv, data/8-escape_data/2-mutation_freq_summary/REJOc_DEMO_avg_freq.csv
    jobid: 0
    reason: Input files updated by another job: data/8-escape_data/2-mutation_freq_summary/REJOc_DEMO_avg_freq.csv
    resources: tmpdir=/var/folders/k0/3b7hrv0d2n7fs2g57vkng1fm0000gp/T

[Tue Jun 10 14:57:52 2025]
Finished jobid: 0 (Rule: all)
3 of 3 steps (100%) done
Complete log(s): /Users/anitido/Documents/GitHub/Escapability/Viral Escape Pipeline/.snakemake/log/2025-06-10T145751.240595.snakemake.log
